../Core/Src/main.c:83:5:main	8	static
../Core/Src/main.c:152:6:SystemClock_Config	96	static
../Core/Src/main.c:195:13:MX_I2C1_Init	8	static
../Core/Src/main.c:241:13:MX_SPI1_Init	8	static
../Core/Src/main.c:281:13:MX_TIM3_Init	64	static
../Core/Src/main.c:348:13:MX_USART1_UART_Init	8	static
../Core/Src/main.c:381:13:MX_DMA_Init	16	static
../Core/Src/main.c:399:13:MX_GPIO_Init	48	static
../Core/Src/main.c:447:6:READ_CARD	8	static
../Core/Src/main.c:471:6:Error_Handler	8	static,ignoring_inline_asm
