../Core/Src/main.c:85:5:main	8	static
../Core/Src/main.c:145:6:SystemClock_Config	96	static
../Core/Src/main.c:189:13:MX_I2C1_Init	8	static
../Core/Src/main.c:237:13:MX_SPI1_Init	8	static
../Core/Src/main.c:277:13:MX_TIM3_Init	64	static
../Core/Src/main.c:344:13:MX_USART1_UART_Init	8	static
../Core/Src/main.c:377:13:MX_DMA_Init	16	static
../Core/Src/main.c:395:13:MX_GPIO_Init	48	static
../Core/Src/main.c:447:6:HAL_TIM_PeriodElapsedCallback	16	static
../Core/Src/main.c:450:6:buzz_off	8	static
../Core/Src/main.c:453:6:READ_CARD	8	static
../Core/Src/main.c:477:6:Error_Handler	8	static,ignoring_inline_asm
