../Core/Src/RFID_SPI.c:17:9:RC522_SPI_Transfer	40	static
../Core/Src/RFID_SPI.c:31:6:Write_MFRC522	16	static
../Core/Src/RFID_SPI.c:55:7:Read_MFRC522	32	static
../Core/Src/RFID_SPI.c:84:6:SetBitMask	32	static
../Core/Src/RFID_SPI.c:97:6:ClearBitMask	32	static
../Core/Src/RFID_SPI.c:110:6:AntennaOn	8	static
../Core/Src/RFID_SPI.c:123:6:AntennaOff	8	static
../Core/Src/RFID_SPI.c:134:6:MFRC522_Reset	8	static
../Core/Src/RFID_SPI.c:145:6:MFRC522_Init	8	static
../Core/Src/RFID_SPI.c:173:7:MFRC522_ToCard	48	static
../Core/Src/RFID_SPI.c:296:7:MFRC522_Request	40	static
../Core/Src/RFID_SPI.c:320:7:MFRC522_Anticoll	40	static
../Core/Src/RFID_SPI.c:355:6:CalulateCRC	40	static
../Core/Src/RFID_SPI.c:389:7:MFRC522_SelectTag	64	static
../Core/Src/RFID_SPI.c:431:7:MFRC522_Auth	64	static
../Core/Src/RFID_SPI.c:465:7:MFRC522_Read	40	static
../Core/Src/RFID_SPI.c:489:7:MFRC522_Write	72	static
../Core/Src/RFID_SPI.c:530:6:MFRC522_Halt	24	static
