RFID.c:17:6:Write_MFRC522	32	static
RFID.c:50:8:Read_MFRC522	32	static
RFID.c:88:6:SetBitMask	32	static
RFID.c:101:6:ClearBitMask	32	static
RFID.c:115:6:AntennaOn	8	static
RFID.c:127:6:AntennaOff	8	static
RFID.c:139:6:MFRC522_Reset	8	static
RFID.c:150:6:MFRC522_Init	8	static
RFID.c:183:8:MFRC522_Request	40	static
RFID.c:211:8:MFRC522_ToCard	48	static
RFID.c:330:8:MFRC522_Anticoll	40	static
RFID.c:373:8:MFRC522_Read	40	static
RFID.c:398:8:MFRC522_Write	72	static
RFID.c:439:6:CalulateCRC	40	static
RFID.c:480:8:MFRC522_Auth	64	static
RFID.c:515:8:MFRC522_SelectTag	64	static
RFID.c:553:6:MFRC522_Halt	40	static
RFID.c:567:6:MFRC522_StopCrypto1	8	static
